// Jest Snapshot v1, https://jestjs.io/docs/snapshot-testing

exports[`BPDetail — snapshot matches snapshot in dark mode with a populated reading 1`] = `
<RNCSafeAreaProvider
  onInsetsChange={[Function]}
  style={
    [
      {
        "flex": 1,
      },
      undefined,
    ]
  }
>
  <RNCSafeAreaView
    edges={
      {
        "bottom": "additive",
        "left": "off",
        "right": "off",
        "top": "additive",
      }
    }
    style={
      [
        {
          "flex": 1,
        },
        {
          "backgroundColor": "#0A0908",
        },
        undefined,
      ]
    }
    testID="bp-detail"
  >
    <View
      pointerEvents="none"
      style={
        [
          {
            "height": 360,
            "left": 0,
            "position": "absolute",
            "right": 0,
            "top": 0,
          },
          {
            "backgroundColor": "#E8A063",
            "opacity": 0.08,
          },
        ]
      }
    />
    <RCTScrollView
      contentContainerStyle={
        [
          {
            "flexGrow": 1,
          },
          {
            "paddingBottom": 72,
          },
        ]
      }
      showsVerticalScrollIndicator={false}
    >
      <View>
        <View
          style={
            [
              {
                "alignItems": "center",
                "flexDirection": "row",
                "justifyContent": "space-between",
                "paddingBottom": 4,
                "paddingHorizontal": 16,
                "paddingTop": 4,
              },
              undefined,
            ]
          }
          testID="bp-detail-header"
        >
          <View
            accessibilityLabel="Back"
            accessibilityRole="button"
            accessibilityState={
              {
                "busy": undefined,
                "checked": undefined,
                "disabled": undefined,
                "expanded": undefined,
                "selected": undefined,
              }
            }
            accessibilityValue={
              {
                "max": undefined,
                "min": undefined,
                "now": undefined,
                "text": undefined,
              }
            }
            accessible={true}
            collapsable={false}
            focusable={true}
            hitSlop={8}
            onBlur={[Function]}
            onClick={[Function]}
            onFocus={[Function]}
            onResponderGrant={[Function]}
            onResponderMove={[Function]}
            onResponderRelease={[Function]}
            onResponderTerminate={[Function]}
            onResponderTerminationRequest={[Function]}
            onStartShouldSetResponder={[Function]}
            style={
              [
                {
                  "alignItems": "center",
                  "borderRadius": 99,
                  "borderWidth": 0.5,
                  "height": 38,
                  "justifyContent": "center",
                  "width": 38,
                },
                {
                  "backgroundColor": "#120C07",
                  "borderColor": "rgba(255,255,255,0.06)",
                  "opacity": 1,
                },
              ]
            }
            testID="bp-detail-header-back"
          >
            <RNSVGSvgView
              align="xMidYMid"
              bbHeight={14}
              bbWidth={14}
              fill="none"
              focusable={false}
              height={14}
              meetOrSlice={0}
              minX={0}
              minY={0}
              style={
                [
                  {
                    "backgroundColor": "transparent",
                    "borderWidth": 0,
                  },
                  {
                    "flex": 0,
                    "height": 14,
                    "width": 14,
                  },
                ]
              }
              vbHeight={24}
              vbWidth={24}
              width={14}
            >
              <RNSVGGroup
                fill={null}
                propList={
                  [
                    "fill",
                  ]
                }
              >
                <RNSVGPath
                  d="M15 6 L9 12 L15 18"
                  fill={
                    {
                      "payload": 4278190080,
                      "type": 0,
                    }
                  }
                  propList={
                    [
                      "stroke",
                      "strokeWidth",
                      "strokeLinecap",
                      "strokeLinejoin",
                    ]
                  }
                  stroke={
                    {
                      "payload": 4294308330,
                      "type": 0,
                    }
                  }
                  strokeLinecap={1}
                  strokeLinejoin={1}
                  strokeWidth={2}
                />
              </RNSVGGroup>
            </RNSVGSvgView>
          </View>
          <Text
            accessibilityLabel="Blood pressure"
            accessibilityRole="header"
            allowFontScaling={false}
            style={
              {
                "color": "#E8A063",
                "fontFamily": "Inter_500Medium",
                "fontSize": 11,
                "letterSpacing": 0.55,
                "lineHeight": 14,
                "textTransform": "uppercase",
              }
            }
          >
            BP
          </Text>
          <View
            accessibilityLabel="More options"
            accessibilityRole="button"
            accessibilityState={
              {
                "busy": undefined,
                "checked": undefined,
                "disabled": true,
                "expanded": undefined,
                "selected": undefined,
              }
            }
            accessibilityValue={
              {
                "max": undefined,
                "min": undefined,
                "now": undefined,
                "text": undefined,
              }
            }
            accessible={true}
            collapsable={false}
            focusable={true}
            hitSlop={8}
            onBlur={[Function]}
            onClick={[Function]}
            onFocus={[Function]}
            onResponderGrant={[Function]}
            onResponderMove={[Function]}
            onResponderRelease={[Function]}
            onResponderTerminate={[Function]}
            onResponderTerminationRequest={[Function]}
            onStartShouldSetResponder={[Function]}
            style={
              [
                {
                  "alignItems": "center",
                  "borderRadius": 99,
                  "borderWidth": 0.5,
                  "height": 38,
                  "justifyContent": "center",
                  "width": 38,
                },
                {
                  "backgroundColor": "#120C07",
                  "borderColor": "rgba(255,255,255,0.06)",
                  "opacity": 0.4,
                },
              ]
            }
            testID="bp-detail-header-menu"
          >
            <RNSVGSvgView
              align="xMidYMid"
              bbHeight={6}
              bbWidth={22}
              focusable={false}
              height={6}
              meetOrSlice={0}
              minX={0}
              minY={0}
              style={
                [
                  {
                    "backgroundColor": "transparent",
                    "borderWidth": 0,
                  },
                  {
                    "flex": 0,
                    "height": 6,
                    "width": 22,
                  },
                ]
              }
              vbHeight={6}
              vbWidth={22}
              width={22}
            >
              <RNSVGGroup
                fill={
                  {
                    "payload": 4278190080,
                    "type": 0,
                  }
                }
              >
                <RNSVGCircle
                  cx={3}
                  cy={3}
                  fill={
                    {
                      "payload": 4288452752,
                      "type": 0,
                    }
                  }
                  propList={
                    [
                      "fill",
                    ]
                  }
                  r={1.5}
                />
                <RNSVGCircle
                  cx={11}
                  cy={3}
                  fill={
                    {
                      "payload": 4288452752,
                      "type": 0,
                    }
                  }
                  propList={
                    [
                      "fill",
                    ]
                  }
                  r={1.5}
                />
                <RNSVGCircle
                  cx={19}
                  cy={3}
                  fill={
                    {
                      "payload": 4288452752,
                      "type": 0,
                    }
                  }
                  propList={
                    [
                      "fill",
                    ]
                  }
                  r={1.5}
                />
              </RNSVGGroup>
            </RNSVGSvgView>
          </View>
        </View>
        <View
          style={
            {
              "marginTop": 8,
              "paddingHorizontal": 20,
            }
          }
        />
        <View
          style={
            {
              "marginTop": 8,
            }
          }
        >
          <View
            accessibilityLabel="Latest · 3:30 PM. 122/ 78. mmHg · within your range"
            accessibilityRole="text"
            style={
              [
                {
                  "paddingBottom": 22,
                  "paddingHorizontal": 20,
                  "paddingTop": 12,
                  "position": "relative",
                },
                undefined,
              ]
            }
            testID="bp-detail-hero"
          >
            <View
              pointerEvents="none"
              style={
                [
                  {
                    "borderRadius": 999,
                    "height": 220,
                    "left": "50%",
                    "opacity": 0.18,
                    "position": "absolute",
                    "top": 0,
                    "transform": [
                      {
                        "translateX": -140,
                      },
                    ],
                    "width": 280,
                  },
                  {
                    "backgroundColor": "#E8A063",
                  },
                  {
                    "opacity": 0.55,
                  },
                ]
              }
            />
            <View
              style={
                {
                  "alignItems": "center",
                  "flexDirection": "row",
                  "position": "relative",
                }
              }
            >
              <View
                style={
                  {
                    "alignItems": "center",
                    "height": 108,
                    "justifyContent": "center",
                    "width": 108,
                  }
                }
              >
                <View
                  accessibilityRole="progressbar"
                  accessibilityValue={
                    {
                      "max": 1,
                      "min": 0,
                      "now": 1,
                    }
                  }
                  style={
                    [
                      {
                        "height": 108,
                        "opacity": 1,
                        "width": 108,
                      },
                      {
                        "opacity": 1,
                        "transform": [
                          {
                            "scale": 1,
                          },
                        ],
                      },
                      undefined,
                    ]
                  }
                  testID="bp-detail-hero-ring"
                >
                  <RNSVGSvgView
                    bbHeight={108}
                    bbWidth={108}
                    focusable={false}
                    height={108}
                    style={
                      [
                        {
                          "backgroundColor": "transparent",
                          "borderWidth": 0,
                        },
                        {
                          "flex": 0,
                          "height": 108,
                          "width": 108,
                        },
                      ]
                    }
                    width={108}
                  >
                    <RNSVGGroup
                      fill={
                        {
                          "payload": 4278190080,
                          "type": 0,
                        }
                      }
                    >
                      <RNSVGCircle
                        cx={54}
                        cy={54}
                        fill={null}
                        propList={
                          [
                            "fill",
                            "stroke",
                            "strokeWidth",
                            "strokeOpacity",
                          ]
                        }
                        r={51}
                        stroke={
                          {
                            "payload": 4293435491,
                            "type": 0,
                          }
                        }
                        strokeOpacity={0.12}
                        strokeWidth={6}
                      />
                      <RNSVGCircle
                        cx={54}
                        cy={54}
                        fill={null}
                        matrix={
                          [
                            6.123233995736766e-17,
                            -1,
                            1,
                            6.123233995736766e-17,
                            0,
                            108,
                          ]
                        }
                        propList={
                          [
                            "fill",
                            "stroke",
                            "strokeWidth",
                            "strokeDasharray",
                            "strokeDashoffset",
                            "strokeLinecap",
                          ]
                        }
                        r={51}
                        stroke={
                          {
                            "payload": 4293435491,
                            "type": 0,
                          }
                        }
                        strokeDasharray={
                          [
                            320.4424506661589,
                            320.4424506661589,
                          ]
                        }
                        strokeDashoffset={null}
                        strokeLinecap={1}
                        strokeWidth={6}
                      />
                      <RNSVGCircle
                        cx={54}
                        cy={54}
                        fill={null}
                        propList={
                          [
                            "fill",
                            "stroke",
                            "strokeWidth",
                          ]
                        }
                        r={47}
                        stroke={
                          {
                            "payload": 268435455,
                            "type": 0,
                          }
                        }
                        strokeWidth={1}
                      />
                    </RNSVGGroup>
                  </RNSVGSvgView>
                </View>
                <View
                  pointerEvents="none"
                  style={
                    {
                      "alignItems": "center",
                      "justifyContent": "center",
                      "position": "absolute",
                    }
                  }
                >
                  <RNSVGSvgView
                    align="xMidYMid"
                    bbHeight={28}
                    bbWidth={28}
                    className="drop-duotone__svg-icon-phosphor"
                    color="#E8A063"
                    fill="currentColor"
                    focusable={false}
                    height={28}
                    meetOrSlice={0}
                    minX={0}
                    minY={0}
                    style={
                      [
                        {
                          "backgroundColor": "transparent",
                          "borderWidth": 0,
                        },
                        [
                          undefined,
                          undefined,
                          {},
                        ],
                        {
                          "flex": 0,
                          "height": 28,
                          "width": 28,
                        },
                      ]
                    }
                    testID="phosphor-react-native-drop-duotone"
                    vbHeight={256}
                    vbWidth={256}
                    width={28}
                  >
                    <RNSVGGroup
                      fill={
                        {
                          "type": 2,
                        }
                      }
                      propList={
                        [
                          "fill",
                        ]
                      }
                    >
                      <RNSVGPath
                        d="M208 144a80 80 0 0 1-160 0c0-72 80-128 80-128s80 56 80 128"
                        fill={
                          {
                            "payload": 4293435491,
                            "type": 0,
                          }
                        }
                        opacity={0.4}
                        propList={
                          [
                            "fill",
                          ]
                        }
                      />
                      <RNSVGPath
                        d="M174 47.75a254.2 254.2 0 0 0-41.45-38.3 8 8 0 0 0-9.18 0A254.2 254.2 0 0 0 82 47.75C54.51 79.32 40 112.6 40 144a88 88 0 0 0 176 0c0-31.4-14.51-64.68-42-96.25M128 216a72.08 72.08 0 0 1-72-72c0-57.23 55.47-105 72-118 16.53 13 72 60.75 72 118a72.08 72.08 0 0 1-72 72m55.89-62.66a57.6 57.6 0 0 1-46.56 46.55 9 9 0 0 1-1.33.11 8 8 0 0 1-1.32-15.89c16.57-2.79 30.63-16.85 33.44-33.45a8 8 0 0 1 15.78 2.68Z"
                        fill={
                          {
                            "payload": 4278190080,
                            "type": 0,
                          }
                        }
                      />
                    </RNSVGGroup>
                  </RNSVGSvgView>
                </View>
              </View>
              <View
                style={
                  {
                    "flex": 1,
                    "marginLeft": 16,
                    "minWidth": 0,
                  }
                }
              >
                <Text
                  allowFontScaling={false}
                  style={
                    {
                      "color": "#9C9890",
                      "fontFamily": "Inter_500Medium",
                      "fontSize": 11,
                      "letterSpacing": 0.55,
                      "lineHeight": 14,
                      "marginBottom": 4,
                      "textTransform": "uppercase",
                    }
                  }
                  testID="bp-detail-hero-sub"
                >
                  Latest · 3:30 PM
                </Text>
                <View
                  style={
                    {
                      "alignItems": "baseline",
                      "flexDirection": "row",
                      "flexWrap": "wrap",
                    }
                  }
                >
                  <Text
                    allowFontScaling={false}
                    style={
                      {
                        "color": "#F5F1EA",
                        "fontFamily": "InstrumentSerif_400Regular",
                        "fontSize": 56,
                        "letterSpacing": -0.5,
                        "lineHeight": 60,
                      }
                    }
                    testID="bp-detail-hero-primary"
                  >
                    122
                  </Text>
                  <Text
                    allowFontScaling={false}
                    style={
                      {
                        "color": "#9C9890",
                        "fontFamily": "InstrumentSerif_400Regular",
                        "fontSize": 22,
                        "lineHeight": 28,
                        "marginLeft": 4,
                      }
                    }
                    testID="bp-detail-hero-secondary"
                  >
                    / 78
                  </Text>
                </View>
                <Text
                  allowFontScaling={false}
                  style={
                    {
                      "color": "#9C9890",
                      "fontFamily": "JetBrainsMono_500Medium",
                      "fontSize": 12,
                      "letterSpacing": 0.5,
                      "lineHeight": 16,
                      "marginTop": 4,
                    }
                  }
                  testID="bp-detail-hero-range"
                >
                  mmHg · within your range
                </Text>
              </View>
            </View>
          </View>
        </View>
        <View
          style={
            {
              "marginTop": 8,
              "paddingHorizontal": 20,
            }
          }
        >
          <View
            accessibilityRole="tablist"
            style={
              [
                {
                  "borderWidth": 0.5,
                  "flexDirection": "row",
                  "gap": 4,
                },
                {
                  "backgroundColor": "#120C07",
                  "borderColor": "rgba(255,255,255,0.06)",
                  "borderRadius": 14,
                  "padding": 4,
                },
                undefined,
              ]
            }
            testID="bp-detail-range"
          >
            <View
              accessibilityLabel="7d range"
              accessibilityRole="tab"
              accessibilityState={
                {
                  "busy": undefined,
                  "checked": undefined,
                  "disabled": undefined,
                  "expanded": undefined,
                  "selected": true,
                }
              }
              accessibilityValue={
                {
                  "max": undefined,
                  "min": undefined,
                  "now": undefined,
                  "text": undefined,
                }
              }
              accessible={true}
              collapsable={false}
              focusable={true}
              onBlur={[Function]}
              onClick={[Function]}
              onFocus={[Function]}
              onResponderGrant={[Function]}
              onResponderMove={[Function]}
              onResponderRelease={[Function]}
              onResponderTerminate={[Function]}
              onResponderTerminationRequest={[Function]}
              onStartShouldSetResponder={[Function]}
              style={
                [
                  {
                    "flex": 1,
                    "paddingHorizontal": 12,
                    "paddingVertical": 9,
                  },
                  {
                    "backgroundColor": "#1D140D",
                    "borderRadius": 8,
                    "opacity": 1,
                  },
                ]
              }
              testID="bp-detail-range-7d"
            >
              <Text
                allowFontScaling={false}
                style={
                  {
                    "color": "#F5F1EA",
                    "fontFamily": "JetBrainsMono_500Medium",
                    "fontSize": 13,
                    "letterSpacing": 0.4,
                    "lineHeight": 16,
                    "textAlign": "center",
                  }
                }
              >
                7d
              </Text>
            </View>
            <View
              accessibilityLabel="30d range"
              accessibilityRole="tab"
              accessibilityState={
                {
                  "busy": undefined,
                  "checked": undefined,
                  "disabled": undefined,
                  "expanded": undefined,
                  "selected": false,
                }
              }
              accessibilityValue={
                {
                  "max": undefined,
                  "min": undefined,
                  "now": undefined,
                  "text": undefined,
                }
              }
              accessible={true}
              collapsable={false}
              focusable={true}
              onBlur={[Function]}
              onClick={[Function]}
              onFocus={[Function]}
              onResponderGrant={[Function]}
              onResponderMove={[Function]}
              onResponderRelease={[Function]}
              onResponderTerminate={[Function]}
              onResponderTerminationRequest={[Function]}
              onStartShouldSetResponder={[Function]}
              style={
                [
                  {
                    "flex": 1,
                    "paddingHorizontal": 12,
                    "paddingVertical": 9,
                  },
                  {
                    "backgroundColor": "transparent",
                    "borderRadius": 8,
                    "opacity": 1,
                  },
                ]
              }
              testID="bp-detail-range-30d"
            >
              <Text
                allowFontScaling={false}
                style={
                  {
                    "color": "#9C9890",
                    "fontFamily": "JetBrainsMono_500Medium",
                    "fontSize": 13,
                    "letterSpacing": 0.4,
                    "lineHeight": 16,
                    "textAlign": "center",
                  }
                }
              >
                30d
              </Text>
            </View>
            <View
              accessibilityLabel="90d range"
              accessibilityRole="tab"
              accessibilityState={
                {
                  "busy": undefined,
                  "checked": undefined,
                  "disabled": undefined,
                  "expanded": undefined,
                  "selected": false,
                }
              }
              accessibilityValue={
                {
                  "max": undefined,
                  "min": undefined,
                  "now": undefined,
                  "text": undefined,
                }
              }
              accessible={true}
              collapsable={false}
              focusable={true}
              onBlur={[Function]}
              onClick={[Function]}
              onFocus={[Function]}
              onResponderGrant={[Function]}
              onResponderMove={[Function]}
              onResponderRelease={[Function]}
              onResponderTerminate={[Function]}
              onResponderTerminationRequest={[Function]}
              onStartShouldSetResponder={[Function]}
              style={
                [
                  {
                    "flex": 1,
                    "paddingHorizontal": 12,
                    "paddingVertical": 9,
                  },
                  {
                    "backgroundColor": "transparent",
                    "borderRadius": 8,
                    "opacity": 1,
                  },
                ]
              }
              testID="bp-detail-range-90d"
            >
              <Text
                allowFontScaling={false}
                style={
                  {
                    "color": "#9C9890",
                    "fontFamily": "JetBrainsMono_500Medium",
                    "fontSize": 13,
                    "letterSpacing": 0.4,
                    "lineHeight": 16,
                    "textAlign": "center",
                  }
                }
              >
                90d
              </Text>
            </View>
          </View>
        </View>
        <View
          style={
            {
              "gap": 16,
              "marginTop": 16,
            }
          }
        >
          <View
            style={
              [
                {
                  "flexDirection": "row",
                  "paddingHorizontal": 20,
                },
                {
                  "gap": 12,
                },
                undefined,
              ]
            }
            testID="bp-detail-stats"
          >
            <View
              accessibilityLabel="7-day avg: 122/78 mmHg"
              accessibilityRole="text"
              style={
                [
                  {
                    "borderWidth": 0.5,
                    "flex": 1,
                  },
                  {
                    "backgroundColor": "#120C07",
                    "borderColor": "rgba(255,255,255,0.06)",
                    "borderRadius": 14,
                    "padding": 12,
                  },
                ]
              }
              testID="bp-detail-stats-0"
            >
              <Text
                allowFontScaling={false}
                style={
                  {
                    "color": "#9C9890",
                    "fontFamily": "Inter_500Medium",
                    "fontSize": 11,
                    "letterSpacing": 0.55,
                    "lineHeight": 14,
                    "marginBottom": 4,
                    "textTransform": "uppercase",
                  }
                }
              >
                7-day avg
              </Text>
              <Text
                allowFontScaling={false}
                style={
                  {
                    "color": "#F5F1EA",
                    "fontFamily": "InstrumentSerif_400Regular",
                    "fontSize": 22,
                    "lineHeight": 28,
                  }
                }
              >
                122/78
              </Text>
              <Text
                allowFontScaling={false}
                style={
                  {
                    "color": "#9C9890",
                    "fontFamily": "JetBrainsMono_500Medium",
                    "fontSize": 12,
                    "letterSpacing": 0.4,
                    "lineHeight": 16,
                    "marginTop": 4,
                  }
                }
              >
                mmHg
              </Text>
            </View>
            <View
              accessibilityLabel="Lowest: 122/78 Fri"
              accessibilityRole="text"
              style={
                [
                  {
                    "borderWidth": 0.5,
                    "flex": 1,
                  },
                  {
                    "backgroundColor": "#120C07",
                    "borderColor": "rgba(255,255,255,0.06)",
                    "borderRadius": 14,
                    "padding": 12,
                  },
                ]
              }
              testID="bp-detail-stats-1"
            >
              <Text
                allowFontScaling={false}
                style={
                  {
                    "color": "#9C9890",
                    "fontFamily": "Inter_500Medium",
                    "fontSize": 11,
                    "letterSpacing": 0.55,
                    "lineHeight": 14,
                    "marginBottom": 4,
                    "textTransform": "uppercase",
                  }
                }
              >
                Lowest
              </Text>
              <Text
                allowFontScaling={false}
                style={
                  {
                    "color": "#F5F1EA",
                    "fontFamily": "InstrumentSerif_400Regular",
                    "fontSize": 22,
                    "lineHeight": 28,
                  }
                }
              >
                122/78
              </Text>
              <Text
                allowFontScaling={false}
                style={
                  {
                    "color": "#9C9890",
                    "fontFamily": "JetBrainsMono_500Medium",
                    "fontSize": 12,
                    "letterSpacing": 0.4,
                    "lineHeight": 16,
                    "marginTop": 4,
                  }
                }
              >
                Fri
              </Text>
            </View>
            <View
              accessibilityLabel="Highest: 122/78 Fri"
              accessibilityRole="text"
              style={
                [
                  {
                    "borderWidth": 0.5,
                    "flex": 1,
                  },
                  {
                    "backgroundColor": "#120C07",
                    "borderColor": "rgba(255,255,255,0.06)",
                    "borderRadius": 14,
                    "padding": 12,
                  },
                ]
              }
              testID="bp-detail-stats-2"
            >
              <Text
                allowFontScaling={false}
                style={
                  {
                    "color": "#9C9890",
                    "fontFamily": "Inter_500Medium",
                    "fontSize": 11,
                    "letterSpacing": 0.55,
                    "lineHeight": 14,
                    "marginBottom": 4,
                    "textTransform": "uppercase",
                  }
                }
              >
                Highest
              </Text>
              <Text
                allowFontScaling={false}
                style={
                  {
                    "color": "#F5F1EA",
                    "fontFamily": "InstrumentSerif_400Regular",
                    "fontSize": 22,
                    "lineHeight": 28,
                  }
                }
              >
                122/78
              </Text>
              <Text
                allowFontScaling={false}
                style={
                  {
                    "color": "#9C9890",
                    "fontFamily": "JetBrainsMono_500Medium",
                    "fontSize": 12,
                    "letterSpacing": 0.4,
                    "lineHeight": 16,
                    "marginTop": 4,
                  }
                }
              >
                Fri
              </Text>
            </View>
          </View>
          <View
            style={
              [
                {},
                {
                  "paddingHorizontal": 20,
                },
              ]
            }
          >
            <Text
              allowFontScaling={false}
              style={
                {
                  "color": "#9C9890",
                  "fontFamily": "Inter_500Medium",
                  "fontSize": 11,
                  "letterSpacing": 0.55,
                  "lineHeight": 14,
                  "marginBottom": 8,
                  "textTransform": "uppercase",
                }
              }
              testID="bp-detail-chart-eyebrow"
            >
              Today · systolic & diastolic
            </Text>
            <View
              style={
                {
                  "backgroundColor": "#120C07",
                  "borderColor": "rgba(255,255,255,0.06)",
                  "borderRadius": 22,
                  "borderWidth": 0.5,
                  "padding": 16,
                }
              }
            >
              <View
                testID="bp-detail-chart"
              >
                <RNSVGSvgView
                  align="xMidYMid"
                  bbHeight={170}
                  bbWidth="100%"
                  focusable={false}
                  height={170}
                  meetOrSlice={0}
                  minX={0}
                  minY={0}
                  style={
                    [
                      {
                        "backgroundColor": "transparent",
                        "borderWidth": 0,
                      },
                      {
                        "flex": 0,
                        "height": 170,
                        "width": "100%",
                      },
                    ]
                  }
                  testID="bp-detail-chart-svg"
                  vbHeight={170}
                  vbWidth={320}
                  width="100%"
                >
                  <RNSVGGroup
                    fill={
                      {
                        "payload": 4278190080,
                        "type": 0,
                      }
                    }
                  >
                    <RNSVGRect
                      fill={
                        {
                          "payload": 4293435491,
                          "type": 0,
                        }
                      }
                      fillOpacity={0.08}
                      height={35.5}
                      propList={
                        [
                          "fill",
                          "fillOpacity",
                        ]
                      }
                      testID="bp-detail-chart-range-band"
                      width={288}
                      x={16}
                      y={31.75}
                    />
                    <RNSVGLine
                      fill={
                        {
                          "payload": 4278190080,
                          "type": 0,
                        }
                      }
                      propList={
                        [
                          "stroke",
                          "strokeWidth",
                          "strokeOpacity",
                          "strokeLinecap",
                        ]
                      }
                      stroke={
                        {
                          "payload": 4293435491,
                          "type": 0,
                        }
                      }
                      strokeLinecap={1}
                      strokeOpacity={0.25}
                      strokeWidth={6}
                      x1={16}
                      x2={16}
                      y1={60.14999999999999}
                      y2={134.7}
                    />
                    <RNSVGLine
                      fill={
                        {
                          "payload": 4278190080,
                          "type": 0,
                        }
                      }
                      propList={
                        [
                          "stroke",
                          "strokeWidth",
                          "strokeOpacity",
                          "strokeLinecap",
                        ]
                      }
                      stroke={
                        {
                          "payload": 4293435491,
                          "type": 0,
                        }
                      }
                      strokeLinecap={1}
                      strokeOpacity={0.25}
                      strokeWidth={6}
                      x1={57.142857142857146}
                      x2={57.142857142857146}
                      y1={67.25}
                      y2={138.25}
                    />
                    <RNSVGLine
                      fill={
                        {
                          "payload": 4278190080,
                          "type": 0,
                        }
                      }
                      propList={
                        [
                          "stroke",
                          "strokeWidth",
                          "strokeOpacity",
                          "strokeLinecap",
                        ]
                      }
                      stroke={
                        {
                          "payload": 4293435491,
                          "type": 0,
                        }
                      }
                      strokeLinecap={1}
                      strokeOpacity={0.25}
                      strokeWidth={6}
                      x1={98.28571428571429}
                      x2={98.28571428571429}
                      y1={45.95}
                      y2={124.05}
                    />
                    <RNSVGLine
                      fill={
                        {
                          "payload": 4278190080,
                          "type": 0,
                        }
                      }
                      propList={
                        [
                          "stroke",
                          "strokeWidth",
                          "strokeOpacity",
                          "strokeLinecap",
                        ]
                      }
                      stroke={
                        {
                          "payload": 4293435491,
                          "type": 0,
                        }
                      }
                      strokeLinecap={1}
                      strokeOpacity={0.25}
                      strokeWidth={6}
                      x1={139.42857142857144}
                      x2={139.42857142857144}
                      y1={42.39999999999999}
                      y2={122.275}
                    />
                    <RNSVGLine
                      fill={
                        {
                          "payload": 4278190080,
                          "type": 0,
                        }
                      }
                      propList={
                        [
                          "stroke",
                          "strokeWidth",
                          "strokeOpacity",
                          "strokeLinecap",
                        ]
                      }
                      stroke={
                        {
                          "payload": 4293435491,
                          "type": 0,
                        }
                      }
                      strokeLinecap={1}
                      strokeOpacity={0.25}
                      strokeWidth={6}
                      x1={180.57142857142858}
                      x2={180.57142857142858}
                      y1={35.3}
                      y2={116.94999999999999}
                    />
                    <RNSVGLine
                      fill={
                        {
                          "payload": 4278190080,
                          "type": 0,
                        }
                      }
                      propList={
                        [
                          "stroke",
                          "strokeWidth",
                          "strokeOpacity",
                          "strokeLinecap",
                        ]
                      }
                      stroke={
                        {
                          "payload": 4293435491,
                          "type": 0,
                        }
                      }
                      strokeLinecap={1}
                      strokeOpacity={0.25}
                      strokeWidth={6}
                      x1={221.71428571428572}
                      x2={221.71428571428572}
                      y1={45.95}
                      y2={124.05}
                    />
                    <RNSVGLine
                      fill={
                        {
                          "payload": 4278190080,
                          "type": 0,
                        }
                      }
                      propList={
                        [
                          "stroke",
                          "strokeWidth",
                          "strokeOpacity",
                          "strokeLinecap",
                        ]
                      }
                      stroke={
                        {
                          "payload": 4293435491,
                          "type": 0,
                        }
                      }
                      strokeLinecap={1}
                      strokeOpacity={0.25}
                      strokeWidth={6}
                      x1={262.8571428571429}
                      x2={262.8571428571429}
                      y1={38.85000000000001}
                      y2={118.725}
                    />
                    <RNSVGLine
                      fill={
                        {
                          "payload": 4278190080,
                          "type": 0,
                        }
                      }
                      propList={
                        [
                          "stroke",
                          "strokeWidth",
                          "strokeOpacity",
                          "strokeLinecap",
                        ]
                      }
                      stroke={
                        {
                          "payload": 4293435491,
                          "type": 0,
                        }
                      }
                      strokeLinecap={1}
                      strokeOpacity={0.25}
                      strokeWidth={6}
                      x1={304}
                      x2={304}
                      y1={49.5}
                      y2={127.6}
                    />
                    <RNSVGCircle
                      cx={16}
                      cy={60.14999999999999}
                      fill={
                        {
                          "payload": 4293435491,
                          "type": 0,
                        }
                      }
                      propList={
                        [
                          "fill",
                        ]
                      }
                      r={3}
                      testID="bp-detail-chart-sys-dot-0"
                    />
                    <RNSVGCircle
                      cx={57.142857142857146}
                      cy={67.25}
                      fill={
                        {
                          "payload": 4293435491,
                          "type": 0,
                        }
                      }
                      propList={
                        [
                          "fill",
                        ]
                      }
                      r={3}
                      testID="bp-detail-chart-sys-dot-1"
                    />
                    <RNSVGCircle
                      cx={98.28571428571429}
                      cy={45.95}
                      fill={
                        {
                          "payload": 4293435491,
                          "type": 0,
                        }
                      }
                      propList={
                        [
                          "fill",
                        ]
                      }
                      r={3}
                      testID="bp-detail-chart-sys-dot-2"
                    />
                    <RNSVGCircle
                      cx={139.42857142857144}
                      cy={42.39999999999999}
                      fill={
                        {
                          "payload": 4293435491,
                          "type": 0,
                        }
                      }
                      propList={
                        [
                          "fill",
                        ]
                      }
                      r={3}
                      testID="bp-detail-chart-sys-dot-3"
                    />
                    <RNSVGCircle
                      cx={180.57142857142858}
                      cy={35.3}
                      fill={
                        {
                          "payload": 4293435491,
                          "type": 0,
                        }
                      }
                      propList={
                        [
                          "fill",
                        ]
                      }
                      r={3}
                      testID="bp-detail-chart-sys-dot-4"
                    />
                    <RNSVGCircle
                      cx={221.71428571428572}
                      cy={45.95}
                      fill={
                        {
                          "payload": 4293435491,
                          "type": 0,
                        }
                      }
                      propList={
                        [
                          "fill",
                        ]
                      }
                      r={3}
                      testID="bp-detail-chart-sys-dot-5"
                    />
                    <RNSVGCircle
                      cx={262.8571428571429}
                      cy={38.85000000000001}
                      fill={
                        {
                          "payload": 4293435491,
                          "type": 0,
                        }
                      }
                      propList={
                        [
                          "fill",
                        ]
                      }
                      r={3}
                      testID="bp-detail-chart-sys-dot-6"
                    />
                    <RNSVGCircle
                      cx={304}
                      cy={49.5}
                      fill={
                        {
                          "payload": 4293435491,
                          "type": 0,
                        }
                      }
                      propList={
                        [
                          "fill",
                        ]
                      }
                      r={3}
                      testID="bp-detail-chart-sys-dot-7"
                    />
                    <RNSVGCircle
                      cx={16}
                      cy={134.7}
                      fill={
                        {
                          "payload": 4293435491,
                          "type": 0,
                        }
                      }
                      fillOpacity={0.6}
                      propList={
                        [
                          "fill",
                          "fillOpacity",
                        ]
                      }
                      r={3}
                      testID="bp-detail-chart-dia-dot-0"
                    />
                    <RNSVGCircle
                      cx={57.142857142857146}
                      cy={138.25}
                      fill={
                        {
                          "payload": 4293435491,
                          "type": 0,
                        }
                      }
                      fillOpacity={0.6}
                      propList={
                        [
                          "fill",
                          "fillOpacity",
                        ]
                      }
                      r={3}
                      testID="bp-detail-chart-dia-dot-1"
                    />
                    <RNSVGCircle
                      cx={98.28571428571429}
                      cy={124.05}
                      fill={
                        {
                          "payload": 4293435491,
                          "type": 0,
                        }
                      }
                      fillOpacity={0.6}
                      propList={
                        [
                          "fill",
                          "fillOpacity",
                        ]
                      }
                      r={3}
                      testID="bp-detail-chart-dia-dot-2"
                    />
                    <RNSVGCircle
                      cx={139.42857142857144}
                      cy={122.275}
                      fill={
                        {
                          "payload": 4293435491,
                          "type": 0,
                        }
                      }
                      fillOpacity={0.6}
                      propList={
                        [
                          "fill",
                          "fillOpacity",
                        ]
                      }
                      r={3}
                      testID="bp-detail-chart-dia-dot-3"
                    />
                    <RNSVGCircle
                      cx={180.57142857142858}
                      cy={116.94999999999999}
                      fill={
                        {
                          "payload": 4293435491,
                          "type": 0,
                        }
                      }
                      fillOpacity={0.6}
                      propList={
                        [
                          "fill",
                          "fillOpacity",
                        ]
                      }
                      r={3}
                      testID="bp-detail-chart-dia-dot-4"
                    />
                    <RNSVGCircle
                      cx={221.71428571428572}
                      cy={124.05}
                      fill={
                        {
                          "payload": 4293435491,
                          "type": 0,
                        }
                      }
                      fillOpacity={0.6}
                      propList={
                        [
                          "fill",
                          "fillOpacity",
                        ]
                      }
                      r={3}
                      testID="bp-detail-chart-dia-dot-5"
                    />
                    <RNSVGCircle
                      cx={262.8571428571429}
                      cy={118.725}
                      fill={
                        {
                          "payload": 4293435491,
                          "type": 0,
                        }
                      }
                      fillOpacity={0.6}
                      propList={
                        [
                          "fill",
                          "fillOpacity",
                        ]
                      }
                      r={3}
                      testID="bp-detail-chart-dia-dot-6"
                    />
                    <RNSVGCircle
                      cx={304}
                      cy={127.6}
                      fill={
                        {
                          "payload": 4293435491,
                          "type": 0,
                        }
                      }
                      fillOpacity={0.6}
                      propList={
                        [
                          "fill",
                          "fillOpacity",
                        ]
                      }
                      r={3}
                      testID="bp-detail-chart-dia-dot-7"
                    />
                    <RNSVGText
                      content={null}
                      dx={[]}
                      dy={[]}
                      fill={
                        {
                          "payload": 4288452752,
                          "type": 0,
                        }
                      }
                      font={
                        {
                          "fontFamily": "JetBrainsMono_500Medium",
                          "fontSize": 8.5,
                          "letterSpacing": 0.5,
                          "textAnchor": "middle",
                        }
                      }
                      propList={
                        [
                          "fill",
                        ]
                      }
                      rotate={[]}
                      x={
                        [
                          16,
                        ]
                      }
                      y={
                        [
                          168,
                        ]
                      }
                    >
                      <RNSVGTSpan
                        content="12A"
                        dx={[]}
                        dy={[]}
                        fill={
                          {
                            "payload": 4278190080,
                            "type": 0,
                          }
                        }
                        font={{}}
                        rotate={[]}
                        x={[]}
                        y={[]}
                      />
                    </RNSVGText>
                    <RNSVGText
                      content={null}
                      dx={[]}
                      dy={[]}
                      fill={
                        {
                          "payload": 4288452752,
                          "type": 0,
                        }
                      }
                      font={
                        {
                          "fontFamily": "JetBrainsMono_500Medium",
                          "fontSize": 8.5,
                          "letterSpacing": 0.5,
                          "textAnchor": "middle",
                        }
                      }
                      propList={
                        [
                          "fill",
                        ]
                      }
                      rotate={[]}
                      x={
                        [
                          57.142857142857146,
                        ]
                      }
                      y={
                        [
                          168,
                        ]
                      }
                    >
                      <RNSVGTSpan
                        content="3A"
                        dx={[]}
                        dy={[]}
                        fill={
                          {
                            "payload": 4278190080,
                            "type": 0,
                          }
                        }
                        font={{}}
                        rotate={[]}
                        x={[]}
                        y={[]}
                      />
                    </RNSVGText>
                    <RNSVGText
                      content={null}
                      dx={[]}
                      dy={[]}
                      fill={
                        {
                          "payload": 4288452752,
                          "type": 0,
                        }
                      }
                      font={
                        {
                          "fontFamily": "JetBrainsMono_500Medium",
                          "fontSize": 8.5,
                          "letterSpacing": 0.5,
                          "textAnchor": "middle",
                        }
                      }
                      propList={
                        [
                          "fill",
                        ]
                      }
                      rotate={[]}
                      x={
                        [
                          98.28571428571429,
                        ]
                      }
                      y={
                        [
                          168,
                        ]
                      }
                    >
                      <RNSVGTSpan
                        content="6A"
                        dx={[]}
                        dy={[]}
                        fill={
                          {
                            "payload": 4278190080,
                            "type": 0,
                          }
                        }
                        font={{}}
                        rotate={[]}
                        x={[]}
                        y={[]}
                      />
                    </RNSVGText>
                    <RNSVGText
                      content={null}
                      dx={[]}
                      dy={[]}
                      fill={
                        {
                          "payload": 4288452752,
                          "type": 0,
                        }
                      }
                      font={
                        {
                          "fontFamily": "JetBrainsMono_500Medium",
                          "fontSize": 8.5,
                          "letterSpacing": 0.5,
                          "textAnchor": "middle",
                        }
                      }
                      propList={
                        [
                          "fill",
                        ]
                      }
                      rotate={[]}
                      x={
                        [
                          139.42857142857144,
                        ]
                      }
                      y={
                        [
                          168,
                        ]
                      }
                    >
                      <RNSVGTSpan
                        content="9A"
                        dx={[]}
                        dy={[]}
                        fill={
                          {
                            "payload": 4278190080,
                            "type": 0,
                          }
                        }
                        font={{}}
                        rotate={[]}
                        x={[]}
                        y={[]}
                      />
                    </RNSVGText>
                    <RNSVGText
                      content={null}
                      dx={[]}
                      dy={[]}
                      fill={
                        {
                          "payload": 4288452752,
                          "type": 0,
                        }
                      }
                      font={
                        {
                          "fontFamily": "JetBrainsMono_500Medium",
                          "fontSize": 8.5,
                          "letterSpacing": 0.5,
                          "textAnchor": "middle",
                        }
                      }
                      propList={
                        [
                          "fill",
                        ]
                      }
                      rotate={[]}
                      x={
                        [
                          180.57142857142858,
                        ]
                      }
                      y={
                        [
                          168,
                        ]
                      }
                    >
                      <RNSVGTSpan
                        content="12P"
                        dx={[]}
                        dy={[]}
                        fill={
                          {
                            "payload": 4278190080,
                            "type": 0,
                          }
                        }
                        font={{}}
                        rotate={[]}
                        x={[]}
                        y={[]}
                      />
                    </RNSVGText>
                    <RNSVGText
                      content={null}
                      dx={[]}
                      dy={[]}
                      fill={
                        {
                          "payload": 4288452752,
                          "type": 0,
                        }
                      }
                      font={
                        {
                          "fontFamily": "JetBrainsMono_500Medium",
                          "fontSize": 8.5,
                          "letterSpacing": 0.5,
                          "textAnchor": "middle",
                        }
                      }
                      propList={
                        [
                          "fill",
                        ]
                      }
                      rotate={[]}
                      x={
                        [
                          221.71428571428572,
                        ]
                      }
                      y={
                        [
                          168,
                        ]
                      }
                    >
                      <RNSVGTSpan
                        content="3P"
                        dx={[]}
                        dy={[]}
                        fill={
                          {
                            "payload": 4278190080,
                            "type": 0,
                          }
                        }
                        font={{}}
                        rotate={[]}
                        x={[]}
                        y={[]}
                      />
                    </RNSVGText>
                    <RNSVGText
                      content={null}
                      dx={[]}
                      dy={[]}
                      fill={
                        {
                          "payload": 4288452752,
                          "type": 0,
                        }
                      }
                      font={
                        {
                          "fontFamily": "JetBrainsMono_500Medium",
                          "fontSize": 8.5,
                          "letterSpacing": 0.5,
                          "textAnchor": "middle",
                        }
                      }
                      propList={
                        [
                          "fill",
                        ]
                      }
                      rotate={[]}
                      x={
                        [
                          262.8571428571429,
                        ]
                      }
                      y={
                        [
                          168,
                        ]
                      }
                    >
                      <RNSVGTSpan
                        content="6P"
                        dx={[]}
                        dy={[]}
                        fill={
                          {
                            "payload": 4278190080,
                            "type": 0,
                          }
                        }
                        font={{}}
                        rotate={[]}
                        x={[]}
                        y={[]}
                      />
                    </RNSVGText>
                    <RNSVGText
                      content={null}
                      dx={[]}
                      dy={[]}
                      fill={
                        {
                          "payload": 4288452752,
                          "type": 0,
                        }
                      }
                      font={
                        {
                          "fontFamily": "JetBrainsMono_500Medium",
                          "fontSize": 8.5,
                          "letterSpacing": 0.5,
                          "textAnchor": "middle",
                        }
                      }
                      propList={
                        [
                          "fill",
                        ]
                      }
                      rotate={[]}
                      x={
                        [
                          304,
                        ]
                      }
                      y={
                        [
                          168,
                        ]
                      }
                    >
                      <RNSVGTSpan
                        content="9P"
                        dx={[]}
                        dy={[]}
                        fill={
                          {
                            "payload": 4278190080,
                            "type": 0,
                          }
                        }
                        font={{}}
                        rotate={[]}
                        x={[]}
                        y={[]}
                      />
                    </RNSVGText>
                  </RNSVGGroup>
                </RNSVGSvgView>
                <View
                  style={
                    [
                      {
                        "borderTopWidth": 0.5,
                        "flexDirection": "row",
                        "flexWrap": "wrap",
                        "gap": 16,
                      },
                      {
                        "borderTopColor": "rgba(255,255,255,0.08)",
                        "marginTop": 8,
                        "paddingTop": 8,
                      },
                    ]
                  }
                  testID="bp-detail-chart-legend"
                >
                  <View
                    style={
                      {
                        "alignItems": "center",
                        "flexDirection": "row",
                        "gap": 5,
                      }
                    }
                  >
                    <View
                      style={
                        [
                          {
                            "borderRadius": 99,
                            "height": 8,
                            "width": 8,
                          },
                          {
                            "backgroundColor": "#E8A063",
                          },
                        ]
                      }
                    />
                    <Text
                      allowFontScaling={false}
                      style={
                        {
                          "color": "#9C9890",
                          "fontFamily": "Inter_500Medium",
                          "fontSize": 11,
                          "letterSpacing": 0.55,
                          "lineHeight": 14,
                          "textTransform": "uppercase",
                        }
                      }
                    >
                      Systolic · the first number
                    </Text>
                  </View>
                  <View
                    style={
                      {
                        "alignItems": "center",
                        "flexDirection": "row",
                        "gap": 5,
                      }
                    }
                  >
                    <View
                      style={
                        [
                          {
                            "borderRadius": 99,
                            "height": 8,
                            "width": 8,
                          },
                          {
                            "backgroundColor": "#E8A063",
                            "opacity": 0.6,
                          },
                        ]
                      }
                    />
                    <Text
                      allowFontScaling={false}
                      style={
                        {
                          "color": "#9C9890",
                          "fontFamily": "Inter_500Medium",
                          "fontSize": 11,
                          "letterSpacing": 0.55,
                          "lineHeight": 14,
                          "textTransform": "uppercase",
                        }
                      }
                    >
                      Diastolic
                    </Text>
                  </View>
                </View>
              </View>
            </View>
          </View>
          <View
            accessibilityLabel="Leiko about your blood pressure: Your morning numbers tend to climb roughly 8 points after coffee — a normal physiological response. The afternoon dip you usually see is here too. Talk to your doctor if you'd like to understand the morning band."
            accessibilityRole="text"
            style={
              [
                {
                  "borderWidth": 0.5,
                },
                {
                  "backgroundColor": "#120C07",
                  "borderColor": "rgba(255,255,255,0.06)",
                  "borderRadius": 22,
                  "marginHorizontal": 20,
                  "padding": 16,
                },
                undefined,
              ]
            }
            testID="bp-detail-insight"
          >
            <View
              style={
                {
                  "alignItems": "center",
                  "flexDirection": "row",
                  "marginBottom": 10,
                }
              }
            >
              <View
                style={
                  [
                    {
                      "alignItems": "center",
                      "borderRadius": 99,
                      "height": 18,
                      "justifyContent": "center",
                      "width": 18,
                    },
                    {
                      "backgroundColor": "#E8A06326",
                    },
                  ]
                }
              >
                <RNSVGSvgView
                  align="xMidYMid"
                  bbHeight={11}
                  bbWidth={11}
                  className="sparkle-fill__svg-icon-phosphor"
                  color="#E8A063"
                  fill="currentColor"
                  focusable={false}
                  height={11}
                  meetOrSlice={0}
                  minX={0}
                  minY={0}
                  style={
                    [
                      {
                        "backgroundColor": "transparent",
                        "borderWidth": 0,
                      },
                      [
                        undefined,
                        undefined,
                        {},
                      ],
                      {
                        "flex": 0,
                        "height": 11,
                        "width": 11,
                      },
                    ]
                  }
                  testID="phosphor-react-native-sparkle-fill"
                  vbHeight={256}
                  vbWidth={256}
                  width={11}
                >
                  <RNSVGGroup
                    fill={
                      {
                        "type": 2,
                      }
                    }
                    propList={
                      [
                        "fill",
                      ]
                    }
                  >
                    <RNSVGGroup
                      fill={
                        {
                          "payload": 4293435491,
                          "type": 0,
                        }
                      }
                      propList={
                        [
                          "fill",
                        ]
                      }
                    >
                      <RNSVGPath
                        d="M208 144a15.78 15.78 0 0 1-10.42 14.94L146 178l-19 51.62a15.92 15.92 0 0 1-29.88 0L78 178l-51.62-19a15.92 15.92 0 0 1 0-29.88L78 110l19-51.62a15.92 15.92 0 0 1 29.88 0L146 110l51.62 19A15.78 15.78 0 0 1 208 144m-56-96h16v16a8 8 0 0 0 16 0V48h16a8 8 0 0 0 0-16h-16V16a8 8 0 0 0-16 0v16h-16a8 8 0 0 0 0 16m88 32h-8v-8a8 8 0 0 0-16 0v8h-8a8 8 0 0 0 0 16h8v8a8 8 0 0 0 16 0v-8h8a8 8 0 0 0 0-16"
                        fill={
                          {
                            "payload": 4278190080,
                            "type": 0,
                          }
                        }
                      />
                    </RNSVGGroup>
                  </RNSVGGroup>
                </RNSVGSvgView>
              </View>
              <Text
                allowFontScaling={false}
                style={
                  {
                    "color": "#E8A063",
                    "fontFamily": "Inter_500Medium",
                    "fontSize": 11,
                    "letterSpacing": 0.55,
                    "lineHeight": 14,
                    "marginLeft": 8,
                    "textTransform": "uppercase",
                  }
                }
              >
                Leiko · about your blood pressure
              </Text>
            </View>
            <Text
              style={
                {
                  "color": "#F5F1EA",
                  "fontFamily": "Inter_400Regular",
                  "fontSize": 15,
                  "lineHeight": 22,
                }
              }
            >
              Your morning numbers tend to climb roughly 8 points after coffee — a normal physiological response. The afternoon dip you usually see is here too. Talk to your doctor if you'd like to understand the morning band.
            </Text>
          </View>
          <View
            accessibilityHint="Opens explanation sheet"
            accessibilityLabel="What does this mean? Opens explanation sheet."
            accessibilityRole="button"
            accessibilityState={
              {
                "busy": undefined,
                "checked": undefined,
                "disabled": undefined,
                "expanded": undefined,
                "selected": undefined,
              }
            }
            accessibilityValue={
              {
                "max": undefined,
                "min": undefined,
                "now": undefined,
                "text": undefined,
              }
            }
            accessible={true}
            collapsable={false}
            focusable={true}
            hitSlop={12}
            onBlur={[Function]}
            onClick={[Function]}
            onFocus={[Function]}
            onResponderGrant={[Function]}
            onResponderMove={[Function]}
            onResponderRelease={[Function]}
            onResponderTerminate={[Function]}
            onResponderTerminationRequest={[Function]}
            onStartShouldSetResponder={[Function]}
            style={
              {
                "alignSelf": "center",
                "paddingVertical": 8,
              }
            }
            testID="bp-detail-explainer-anchor"
          >
            <Text
              style={
                {
                  "color": "#E8A063",
                  "fontFamily": "Inter_400Regular",
                  "fontSize": 15,
                  "fontWeight": "500",
                }
              }
            >
              What does this mean?
            </Text>
          </View>
          <View
            testID="bp-detail-readings"
          >
            <Text
              allowFontScaling={false}
              style={
                {
                  "color": "#9C9890",
                  "fontFamily": "Inter_500Medium",
                  "fontSize": 11,
                  "letterSpacing": 0.55,
                  "lineHeight": 14,
                  "marginBottom": 8,
                  "paddingHorizontal": 20,
                  "textTransform": "uppercase",
                }
              }
              testID="bp-detail-readings-eyebrow"
            >
              Recent readings
            </Text>
            <View
              style={
                [
                  {
                    "borderWidth": 0.5,
                  },
                  {
                    "backgroundColor": "#120C07",
                    "borderColor": "rgba(255,255,255,0.06)",
                    "borderRadius": 22,
                    "marginHorizontal": 20,
                    "paddingHorizontal": 16,
                  },
                  undefined,
                ]
              }
              testID="bp-detail-readings-list"
            >
              <View
                accessibilityLabel="122/78, Today afternoon, now"
                accessibilityRole="text"
                accessibilityState={
                  {
                    "busy": undefined,
                    "checked": undefined,
                    "disabled": undefined,
                    "expanded": undefined,
                    "selected": undefined,
                  }
                }
                accessibilityValue={
                  {
                    "max": undefined,
                    "min": undefined,
                    "now": undefined,
                    "text": undefined,
                  }
                }
                accessible={true}
                collapsable={false}
                focusable={true}
                onBlur={[Function]}
                onClick={[Function]}
                onFocus={[Function]}
                onResponderGrant={[Function]}
                onResponderMove={[Function]}
                onResponderRelease={[Function]}
                onResponderTerminate={[Function]}
                onResponderTerminationRequest={[Function]}
                onStartShouldSetResponder={[Function]}
                style={
                  [
                    {
                      "alignItems": "center",
                      "flexDirection": "row",
                    },
                    {
                      "borderBottomColor": "rgba(255,255,255,0.08)",
                      "borderBottomWidth": 0,
                      "opacity": 1,
                      "paddingVertical": 12,
                    },
                  ]
                }
                testID="bp-detail-readings-list-row-bp-snap"
              >
                <View
                  style={
                    [
                      {
                        "borderRadius": 3,
                        "height": 32,
                        "width": 6,
                      },
                      {
                        "backgroundColor": "#E8A063",
                      },
                    ]
                  }
                />
                <View
                  style={
                    {
                      "flex": 1,
                      "marginLeft": 12,
                    }
                  }
                >
                  <Text
                    allowFontScaling={false}
                    style={
                      {
                        "color": "#F5F1EA",
                        "fontFamily": "InstrumentSerif_400Regular",
                        "fontSize": 22,
                        "lineHeight": 28,
                      }
                    }
                  >
                    122/78
                  </Text>
                  <Text
                    allowFontScaling={false}
                    style={
                      {
                        "color": "#9C9890",
                        "fontFamily": "Inter_500Medium",
                        "fontSize": 11,
                        "letterSpacing": 0.55,
                        "lineHeight": 14,
                        "marginTop": 3,
                        "textTransform": "uppercase",
                      }
                    }
                  >
                    Today afternoon
                  </Text>
                </View>
                <Text
                  allowFontScaling={false}
                  style={
                    {
                      "color": "#9C9890",
                      "fontFamily": "JetBrainsMono_500Medium",
                      "fontSize": 12,
                      "letterSpacing": 0.4,
                      "lineHeight": 16,
                    }
                  }
                >
                  now
                </Text>
              </View>
            </View>
          </View>
        </View>
      </View>
    </RCTScrollView>
  </RNCSafeAreaView>
</RNCSafeAreaProvider>
`;
